http://stream.clubrenoize.com:9001/                       ;re:noize
http://vaporfm.com/vaporfm.m3u                            ;vaporfm
http://www.revivalkult.de/radio/winamp.pls                ;Revival kult
http://www.happyhardcore.com/livestreams/hardcore.pls     ;HappyHardcore.com

http://www.post-rock.ro/pls/postrockmusic.pls             ;post-rock.ro
http://farpastpost.com/radiowinamp                        ;farpastpost - Post Rock
http://tosfm.serveblog.net:8000/listen.pls                ;tosfm.serveblog.net - Post Rock
http://voxsc1.somafm.com:8900/listen.pls                  ;somafm - Rock?

http://www.radcap.ru/radcap1/radio%20caprice%2080%20ru.m3u                      ;radio caprice 80 ru
http://www.radcap.ru/radcap1/radio%20caprice%20alt%20metal.m3u                  ;radio caprice alt metal
http://www.radcap.ru/radcap1/radio%20caprice%20black%20metal.m3u                ;radio caprice black metal
http://www.radcap.ru/radcap1/radio%20caprice%20blues.m3u                        ;radio caprice blues
http://www.radcap.ru/radcap1/radio%20caprice%20class%20cross.m3u                ;radio caprice class cross
http://www.radcap.ru/radcap1/radio%20caprice%20classical.m3u                    ;radio caprice classical
http://www.radcap.ru/radcap1/radio%20caprice%20club%20ru.m3u                    ;radio caprice club ru
http://www.radcap.ru/radcap1/radio%20caprice%20country.m3u                      ;radio caprice country
http://www.radcap.ru/radcap1/radio%20caprice%20dance%20pop.m3u                  ;radio caprice dance pop
http://www.radcap.ru/radcap1/radio%20caprice%20death%20metal.m3u                ;radio caprice death metal
http://www.radcap.ru/radcap1/radio%20caprice%20disco.m3u                        ;radio caprice disco
http://www.radcap.ru/radcap1/radio%20caprice%20folk%20ru.m3u                    ;radio caprice folk ru
http://www.radcap.ru/radcap1/radio%20caprice%20funeral%20doom%20metal.m3u       ;radio caprice funeral doom metal
http://www.radcap.ru/radcap1/radio%20caprice%20gothic%20metal.m3u               ;radio caprice gothic metal
http://www.radcap.ru/radcap1/radio%20caprice%20gypsy%20ru.m3u                   ;radio caprice gypsy ru
http://www.radcap.ru/radcap1/radio%20caprice%20hard%20rock.m3u                  ;radio caprice hard rock
http://www.radcap.ru/radcap1/radio%20caprice%20hip%20hop.m3u                    ;radio caprice hip hop
http://www.radcap.ru/radcap1/radio%20caprice%20house.m3u                        ;radio caprice house
http://www.radcap.ru/radcap1/radio%20caprice%20instrumental.m3u                 ;radio caprice instrumental
http://www.radcap.ru/radcap1/radio%20caprice%20jazz.m3u                         ;radio caprice jazz
http://www.radcap.ru/radcap1/radio%20caprice%20meditation.m3u                   ;radio caprice meditation
http://www.radcap.ru/radcap1/radio%20caprice%20melodic%20death%20metal.m3u      ;radio caprice melodic death metal
http://www.radcap.ru/radcap1/radio%20caprice%20new%20age.m3u                    ;radio caprice new age
http://www.radcap.ru/radcap1/radio%20caprice%20oldies.m3u                       ;radio caprice oldies
http://www.radcap.ru/radcap1/radio%20caprice%20organ.m3u                        ;radio caprice organ
http://www.radcap.ru/radcap1/radio%20caprice%20piano.m3u                        ;radio caprice piano
http://www.radcap.ru/radcap1/radio%20caprice%20poetry%20ru.m3u                  ;radio caprice poetry ru
http://www.radcap.ru/radcap1/radio%20caprice%20pop%20ballads.m3u                ;radio caprice pop ballads
http://www.radcap.ru/radcap1/radio%20caprice%20pop%20rock.m3u                   ;radio caprice pop rock
http://www.radcap.ru/radcap1/radio%20caprice%20pop%20ru.m3u                     ;radio caprice pop ru
http://www.radcap.ru/radcap1/radio%20caprice%20pop.m3u                          ;radio caprice pop
http://www.radcap.ru/radcap1/radio%20caprice%20power%20metal.m3u                ;radio caprice power metal
http://www.radcap.ru/radcap1/radio%20caprice%20progressive%20metal.m3u          ;radio caprice progressive metal
http://www.radcap.ru/radcap1/radio%20caprice%20punk%20ru.m3u                    ;radio caprice punk ru
http://www.radcap.ru/radcap1/radio%20caprice%20punk.m3u                         ;radio caprice punk
http://www.radcap.ru/radcap1/radio%20caprice%20r&b.m3u                          ;radio caprice r&b
http://www.radcap.ru/radcap1/radio%20caprice%20rap%20ru%20.m3u                  ;radio caprice rap ru
http://www.radcap.ru/radcap1/radio%20caprice%20rap.m3u                          ;radio caprice rap
http://www.radcap.ru/radcap1/radio%20caprice%20rock%20ballads.m3u               ;radio caprice rock ballads
http://www.radcap.ru/radcap1/radio%20caprice%20rock%20ru.m3u                    ;radio caprice rock ru
http://www.radcap.ru/radcap1/radio%20caprice%20rock&roll.m3u                    ;radio caprice rock&roll
http://www.radcap.ru/radcap1/radio%20caprice%20rock.m3u                         ;radio caprice rock
http://www.radcap.ru/radcap1/radio%20caprice%20romance%20ru.m3u                 ;radio caprice romance ru
http://www.radcap.ru/radcap1/radio%20caprice%20saxophone.m3u                    ;radio caprice saxophone
http://www.radcap.ru/radcap1/radio%20caprice%20shanson%20ru.m3u                 ;radio caprice shanson ru
http://www.radcap.ru/radcap1/radio%20caprice%20sludge%20metal.m3u               ;radio caprice sludge metal
http://www.radcap.ru/radcap1/radio%20caprice%20stoner%20metal.m3u               ;radio caprice stoner metal
http://www.radcap.ru/radcap1/radio%20caprice%20symphonic%20metal.m3u            ;radio caprice symphonic metal
http://www.radcap.ru/radcap1/radio%20caprice%20synthpop.m3u                     ;radio caprice synthpop
http://www.radcap.ru/radcap1/radio%20caprice%20technical%20death%20metal.m3u    ;radio caprice technical death metal
http://www.radcap.ru/radcap1/radio%20caprice%20techno.m3u                       ;radio caprice techno
http://www.radcap.ru/radcap1/radio%20caprice%20thrash%20metal.m3u               ;radio caprice thrash metal
http://www.radcap.ru/radcap1/radio%20caprice%20trance.m3u                       ;radio caprice trance
http://www.radcap.ru/radcap1/radio%20caprice%20vocal.m3u                        ;radio caprice vocal
http://www.radcap.ru/radcap1/radio%20caprice.m3u                                ;radio caprice
http://www.radcap.ru/radcap2/radio%20caprice%20acoustic%20guitar.m3u            ;radio caprice acoustic guitar
http://www.radcap.ru/radcap2/radio%20caprice%20alt%20rock.m3u                   ;radio caprice alt rock
http://www.radcap.ru/radcap2/radio%20caprice%20arabic%20pop.m3u                 ;radio caprice arabic pop
http://www.radcap.ru/radcap2/radio%20caprice%20art%20rock.m3u                   ;radio caprice art rock
http://www.radcap.ru/radcap2/radio%20caprice%20atmospheric%20black.m3u          ;radio caprice atmospheric black
http://www.radcap.ru/radcap2/radio%20caprice%20bards%20ru.m3u                   ;radio caprice bards ru
http://www.radcap.ru/radcap2/radio%20caprice%20big%20band.m3u                   ;radio caprice big band
http://www.radcap.ru/radcap2/radio%20caprice%20blues%20rock.m3u                 ;radio caprice blues rock
http://www.radcap.ru/radcap2/radio%20caprice%20breakbeat.m3u                    ;radio caprice breakbeat
http://www.radcap.ru/radcap2/radio%20caprice%20britpop.m3u                      ;radio caprice britpop
http://www.radcap.ru/radcap2/radio%20caprice%20classical%20piano.m3u            ;radio caprice classical piano
http://www.radcap.ru/radcap2/radio%20caprice%20cool%20jazz.m3u                  ;radio caprice cool jazz
http://www.radcap.ru/radcap2/radio%20caprice%20dark%20ambient.m3u               ;radio caprice dark ambient
http://www.radcap.ru/radcap2/radio%20caprice%20dark%20electro.m3u               ;radio caprice dark electro
http://www.radcap.ru/radcap2/radio%20caprice%20death%20doom%20metal.m3u         ;radio caprice death doom metal
http://www.radcap.ru/radcap2/radio%20caprice%20deep%20house.m3u                 ;radio caprice deep house
http://www.radcap.ru/radcap2/radio%20caprice%20dixieland.m3u                    ;radio caprice dixieland
http://www.radcap.ru/radcap2/radio%20caprice%20dream%20trance.m3u               ;radio caprice dream trance
http://www.radcap.ru/radcap2/radio%20caprice%20drone%20metal.m3u                ;radio caprice drone metal
http://www.radcap.ru/radcap2/radio%20caprice%20dub%20techno.m3u                 ;radio caprice dub techno
http://www.radcap.ru/radcap2/radio%20caprice%20dubstep.m3u                      ;radio caprice dubstep
http://www.radcap.ru/radcap2/radio%20caprice%20eurodance.m3u                    ;radio caprice eurodance
http://www.radcap.ru/radcap2/radio%20caprice%20folk%20metal.m3u                 ;radio caprice folk metal
http://www.radcap.ru/radcap2/radio%20caprice%20gangsta%20rap.m3u                ;radio caprice gangsta rap
http://www.radcap.ru/radcap2/radio%20caprice%20glam%20rock.m3u                  ;radio caprice glam rock
http://www.radcap.ru/radcap2/radio%20caprice%20goa%20trance.m3u                 ;radio caprice goa trance
http://www.radcap.ru/radcap2/radio%20caprice%20groove%20metal.m3u               ;radio caprice groove metal
http://www.radcap.ru/radcap2/radio%20caprice%20grunge.m3u                       ;radio caprice grunge
http://www.radcap.ru/radcap2/radio%20caprice%20hammond%20organ.m3u              ;radio caprice hammond organ
http://www.radcap.ru/radcap2/radio%20caprice%20hardcore%20tech.m3u              ;radio caprice hardcore tech
http://www.radcap.ru/radcap2/radio%20caprice%20harmonica%20blues.m3u            ;radio caprice harmonica blues
http://www.radcap.ru/radcap2/radio%20caprice%20indie%20rock.m3u                 ;radio caprice indie rock
http://www.radcap.ru/radcap2/radio%20caprice%20industrial%20metal.m3u           ;radio caprice industrial metal
http://www.radcap.ru/radcap2/radio%20caprice%20instrumental%20rock.m3u          ;radio caprice instrumental rock
http://www.radcap.ru/radcap2/radio%20caprice%20jazz%20funk.m3u                  ;radio caprice jazz funk
http://www.radcap.ru/radcap2/radio%20caprice%20masses.m3u                       ;radio caprice masses
http://www.radcap.ru/radcap2/radio%20caprice%20math%20metal.m3u                 ;radio caprice math metal
http://www.radcap.ru/radcap2/radio%20caprice%20metalcore.m3u                    ;radio caprice metalcore
http://www.radcap.ru/radcap2/radio%20caprice%20minimal%20techno.m3u             ;radio caprice minimal techno
http://www.radcap.ru/radcap2/radio%20caprice%20modern%20classical.m3u           ;radio caprice modern classical
http://www.radcap.ru/radcap2/radio%20caprice%20music%20of%20indian%20cinema.m3u ;radio caprice music of indian cinema
http://www.radcap.ru/radcap2/radio%20caprice%20neoclassical.m3u                 ;radio caprice neoclassical
http://www.radcap.ru/radcap2/radio%20caprice%20new%20wave.m3u                   ;radio caprice new wave
http://www.radcap.ru/radcap2/radio%20caprice%20opera.m3u                        ;radio caprice opera
http://www.radcap.ru/radcap2/radio%20caprice%20pop%2080.m3u                     ;radio caprice pop 80
http://www.radcap.ru/radcap2/radio%20caprice%20post%20metal.m3u                 ;radio caprice post metal
http://www.radcap.ru/radcap2/radio%20caprice%20post%20punk.m3u                  ;radio caprice post punk
http://www.radcap.ru/radcap2/radio%20caprice%20progressive%20trance.m3u         ;radio caprice progressive trance
http://www.radcap.ru/radcap2/radio%20caprice%20rapcore.m3u                      ;radio caprice rapcore
http://www.radcap.ru/radcap2/radio%20caprice%20reggae.m3u                       ;radio caprice reggae
http://www.radcap.ru/radcap2/radio%20caprice%20relax.m3u                        ;radio caprice relax
http://www.radcap.ru/radcap2/radio%20caprice%20salsa.m3u                        ;radio caprice salsa
http://www.radcap.ru/radcap2/radio%20caprice%20smooth%20jazz.m3u                ;radio caprice smooth jazz
http://www.radcap.ru/radcap2/radio%20caprice%20soul.m3u                         ;radio caprice soul
http://www.radcap.ru/radcap2/radio%20caprice%20spacesynth.m3u                   ;radio caprice spacesynth
http://www.radcap.ru/radcap2/radio%20caprice%20swing.m3u                        ;radio caprice swing
http://www.radcap.ru/radcap2/radio%20caprice%20symphonic%20rock.m3u             ;radio caprice symphonic rock
http://www.radcap.ru/radcap2/radio%20caprice%20tango.m3u                        ;radio caprice tango
http://www.radcap.ru/radcap2/radio%20caprice%20vocal%20jazz.m3u                 ;radio caprice vocal jazz
http://www.radcap.ru/radcap2/radio%20caprice%20vocal%20trance.m3u               ;radio caprice vocal trance
http://www.radcap.ru/radcap3/radio%20caprice%20abstract%20hip-hop.m3u           ;radio caprice abstract hip-hop
http://www.radcap.ru/radcap3/radio%20caprice%20acid%20jazz.m3u                  ;radio caprice acid jazz
http://www.radcap.ru/radcap3/radio%20caprice%20acoustic%20blues.m3u             ;radio caprice acoustic blues
http://www.radcap.ru/radcap3/radio%20caprice%20ambient%20dub.m3u                ;radio caprice ambient dub
http://www.radcap.ru/radcap3/radio%20caprice%20aor.m3u                          ;radio caprice aor
http://www.radcap.ru/radcap3/radio%20caprice%20avant%20garde%20metal.m3u        ;radio caprice avant garde metal
http://www.radcap.ru/radcap3/radio%20caprice%20ballroom%20dance.m3u             ;radio caprice ballroom dance
http://www.radcap.ru/radcap3/radio%20caprice%20black%20death%20metal.m3u        ;radio caprice black death metal
http://www.radcap.ru/radcap3/radio%20caprice%20bluegrass.m3u                    ;radio caprice bluegrass
http://www.radcap.ru/radcap3/radio%20caprice%20bossa%20nova.m3u                 ;radio caprice bossa nova
http://www.radcap.ru/radcap3/radio%20caprice%20celtic.m3u                       ;radio caprice celtic
http://www.radcap.ru/radcap3/radio%20caprice%20chanson%20fr.m3u                 ;radio caprice chanson fr
http://www.radcap.ru/radcap3/radio%20caprice%20chicago%20blues.m3u              ;radio caprice chicago blues
http://www.radcap.ru/radcap3/radio%20caprice%20chillout.m3u                     ;radio caprice chillout
http://www.radcap.ru/radcap3/radio%20caprice%20classical%20baroque.m3u          ;radio caprice classical baroque
http://www.radcap.ru/radcap3/radio%20caprice%20dancehall.m3u                    ;radio caprice dancehall
http://www.radcap.ru/radcap3/radio%20caprice%20darkwave.m3u                     ;radio caprice darkwave
http://www.radcap.ru/radcap3/radio%20caprice%20deathcore.m3u                    ;radio caprice deathcore
http://www.radcap.ru/radcap3/radio%20caprice%20doom%20metal.m3u                 ;radio caprice doom metal
http://www.radcap.ru/radcap3/radio%20caprice%20dream%20pop.m3u                  ;radio caprice dream pop
http://www.radcap.ru/radcap3/radio%20caprice%20drumnbass.m3u                    ;radio caprice drumnbass
http://www.radcap.ru/radcap3/radio%20caprice%20dub.m3u                          ;radio caprice dub
http://www.radcap.ru/radcap3/radio%20caprice%20east%20coast%20rap.m3u           ;radio caprice east coast rap
http://www.radcap.ru/radcap3/radio%20caprice%20easy%20listening.m3u             ;radio caprice easy listening
http://www.radcap.ru/radcap3/radio%20caprice%20ebm.m3u                          ;radio caprice ebm
http://www.radcap.ru/radcap3/radio%20caprice%20electro%20house.m3u              ;radio caprice electro house
http://www.radcap.ru/radcap3/radio%20caprice%20flamenco.m3u                     ;radio caprice flamenco
http://www.radcap.ru/radcap3/radio%20caprice%20flute.m3u                        ;radio caprice flute
http://www.radcap.ru/radcap3/radio%20caprice%20folk%20rock%20ru.m3u             ;radio caprice folk rock ru
http://www.radcap.ru/radcap3/radio%20caprice%20folk%20rock.m3u                  ;radio caprice folk rock
http://www.radcap.ru/radcap3/radio%20caprice%20free%20jazz.m3u                  ;radio caprice free jazz
http://www.radcap.ru/radcap3/radio%20caprice%20full%20on.m3u                    ;radio caprice full on
http://www.radcap.ru/radcap3/radio%20caprice%20gospel.m3u                       ;radio caprice gospel
http://www.radcap.ru/radcap3/radio%20caprice%20gothic%20rock.m3u                ;radio caprice gothic rock
http://www.radcap.ru/radcap3/radio%20caprice%20hard%20bop.m3u                   ;radio caprice hard bop
http://www.radcap.ru/radcap3/radio%20caprice%20hardcore%20metal.m3u             ;radio caprice hardcore metal
http://www.radcap.ru/radcap3/radio%20caprice%20hardstyle.m3u                    ;radio caprice hardstyle
http://www.radcap.ru/radcap3/radio%20caprice%20heavy%20metal.m3u                ;radio caprice heavy metal
http://www.radcap.ru/radcap3/radio%20caprice%20idm.m3u                          ;radio caprice idm
http://www.radcap.ru/radcap3/radio%20caprice%20indian%20folk.m3u                ;radio caprice indian folk
http://www.radcap.ru/radcap3/radio%20caprice%20indie%20folk.m3u                 ;radio caprice indie folk
http://www.radcap.ru/radcap3/radio%20caprice%20industrial.m3u                   ;radio caprice industrial
http://www.radcap.ru/radcap3/radio%20caprice%20lo-fi.m3u                        ;radio caprice lo-fi
http://www.radcap.ru/radcap3/radio%20caprice%20lounge.m3u                       ;radio caprice lounge
http://www.radcap.ru/radcap3/radio%20caprice%20mainstream%20jazz.m3u            ;radio caprice mainstream jazz
http://www.radcap.ru/radcap3/radio%20caprice%20modern%20electric%20blues.m3u    ;radio caprice modern electric blues
http://www.radcap.ru/radcap3/radio%20caprice%20nu%20jazz.m3u                    ;radio caprice nu jazz
http://www.radcap.ru/radcap3/radio%20caprice%20nu%20metal.m3u                   ;radio caprice nu metal
http://www.radcap.ru/radcap3/radio%20caprice%20pop%20punk.m3u                   ;radio caprice pop punk
http://www.radcap.ru/radcap3/radio%20caprice%20post%20bop.m3u                   ;radio caprice post bop
http://www.radcap.ru/radcap3/radio%20caprice%20post%20rock.m3u                  ;radio caprice post rock
http://www.radcap.ru/radcap3/radio%20caprice%20psybient.m3u                     ;radio caprice psybient
http://www.radcap.ru/radcap3/radio%20caprice%20rockabilly.m3u                   ;radio caprice rockabilly
http://www.radcap.ru/radcap3/radio%20caprice%20sounds%20of%20nature.m3u         ;radio caprice sounds of nature
http://www.radcap.ru/radcap3/radio%20caprice%20southern%20rock.m3u              ;radio caprice southern rock
http://www.radcap.ru/radcap3/radio%20caprice%20symphonies.m3u                   ;radio caprice symphonies
http://www.radcap.ru/radcap3/radio%20caprice%20trad%20electronic.m3u            ;radio caprice trad electronic
http://www.radcap.ru/radcap3/radio%20caprice%20trip%20hop.m3u                   ;radio caprice trip hop
http://www.radcap.ru/radcap3/radio%20caprice%20underground%20rap.m3u            ;radio caprice underground rap
http://www.radcap.ru/radcap3/radio%20caprice%20viking%20metal.m3u               ;radio caprice viking metal
http://www.radcap.ru/radcap4/radio%20caprice%20alt%20country.m3u                ;radio caprice alt country
http://www.radcap.ru/radcap4/radio%20caprice%20ambient.m3u                      ;radio caprice ambient
http://www.radcap.ru/radcap4/radio%20caprice%20avant-garde%20jazz.m3u           ;radio caprice avant-garde jazz
http://www.radcap.ru/radcap4/radio%20caprice%20brutal%20death.m3u               ;radio caprice brutal death
http://www.radcap.ru/radcap4/radio%20caprice%20chiptune.m3u                     ;radio caprice chiptune
http://www.radcap.ru/radcap4/radio%20caprice%20club%20dance.m3u                 ;radio caprice club dance
http://www.radcap.ru/radcap4/radio%20caprice%20contemporary%20jazz.m3u          ;radio caprice contemporary jazz
http://www.radcap.ru/radcap4/radio%20caprice%20country%20rock.m3u               ;radio caprice country rock
http://www.radcap.ru/radcap4/radio%20caprice%20dark%20folk.m3u                  ;radio caprice dark folk
http://www.radcap.ru/radcap4/radio%20caprice%20dark%20metal.m3u                 ;radio caprice dark metal
http://www.radcap.ru/radcap4/radio%20caprice%20dark%20psytrance.m3u             ;radio caprice dark psytrance
http://www.radcap.ru/radcap4/radio%20caprice%20depressive%20black.m3u           ;radio caprice depressive black
http://www.radcap.ru/radcap4/radio%20caprice%20electro.m3u                      ;radio caprice electro
http://www.radcap.ru/radcap4/radio%20caprice%20euro%20disco.m3u                 ;radio caprice euro disco
http://www.radcap.ru/radcap4/radio%20caprice%20euro%20house.m3u                 ;radio caprice euro house
http://www.radcap.ru/radcap4/radio%20caprice%20experimental%20music.m3u         ;radio caprice experimental music
http://www.radcap.ru/radcap4/radio%20caprice%20funk.m3u                         ;radio caprice funk
http://www.radcap.ru/radcap4/radio%20caprice%20garage%20rock.m3u                ;radio caprice garage rock
http://www.radcap.ru/radcap4/radio%20caprice%20indie%20pop.m3u                  ;radio caprice indie pop
http://www.radcap.ru/radcap4/radio%20caprice%20italo%20disco.m3u                ;radio caprice italo disco
http://www.radcap.ru/radcap4/radio%20caprice%20j-pop.m3u                        ;radio caprice j-pop
http://www.radcap.ru/radcap4/radio%20caprice%20j-rock.m3u                       ;radio caprice j-rock
http://www.radcap.ru/radcap4/radio%20caprice%20jazz%20fusion.m3u                ;radio caprice jazz fusion
http://www.radcap.ru/radcap4/radio%20caprice%20jazz%20rock.m3u                  ;radio caprice jazz rock
http://www.radcap.ru/radcap4/radio%20caprice%20k-pop.m3u                        ;radio caprice k-pop
http://www.radcap.ru/radcap4/radio%20caprice%20krautrock.m3u                    ;radio caprice krautrock
http://www.radcap.ru/radcap4/radio%20caprice%20latin%20jazz.m3u                 ;radio caprice latin jazz
http://www.radcap.ru/radcap4/radio%20caprice%20latin%20pop.m3u                  ;radio caprice latin pop
http://www.radcap.ru/radcap4/radio%20caprice%20melodic%20black.m3u              ;radio caprice melodic black
http://www.radcap.ru/radcap4/radio%20caprice%20minimal%20tech%20house.m3u       ;radio caprice minimal tech house
http://www.radcap.ru/radcap4/radio%20caprice%20native%20american.m3u            ;radio caprice native american
http://www.radcap.ru/radcap4/radio%20caprice%20neo-prog%20rock.m3u              ;radio caprice neo-prog rock
http://www.radcap.ru/radcap4/radio%20caprice%20neoclassical%20metal.m3u         ;radio caprice neoclassical metal
http://www.radcap.ru/radcap4/radio%20caprice%20nu%20disco.m3u                   ;radio caprice nu disco
http://www.radcap.ru/radcap4/radio%20caprice%20pagan%20metal.m3u                ;radio caprice pagan metal
http://www.radcap.ru/radcap4/radio%20caprice%20piano%20jazz.m3u                 ;radio caprice piano jazz
http://www.radcap.ru/radcap4/radio%20caprice%20post%20grunge.m3u                ;radio caprice post grunge
http://www.radcap.ru/radcap4/radio%20caprice%20post%20hardcore.m3u              ;radio caprice post hardcore
http://www.radcap.ru/radcap4/radio%20caprice%20prog%20death%20metal.m3u         ;radio caprice prog death metal
http://www.radcap.ru/radcap4/radio%20caprice%20progressive%20house.m3u          ;radio caprice progressive house
http://www.radcap.ru/radcap4/radio%20caprice%20psychedelic%20rock.m3u           ;radio caprice psychedelic rock
http://www.radcap.ru/radcap4/radio%20caprice%20psychobilly.m3u                  ;radio caprice psychobilly
http://www.radcap.ru/radcap4/radio%20caprice%20psytrance.m3u                    ;radio caprice psytrance
http://www.radcap.ru/radcap4/radio%20caprice%20roots%20reggae.m3u               ;radio caprice roots reggae
http://www.radcap.ru/radcap4/radio%20caprice%20shoegazing.m3u                   ;radio caprice shoegazing
http://www.radcap.ru/radcap4/radio%20caprice%20ska%20punk.m3u                   ;radio caprice ska punk
http://www.radcap.ru/radcap4/radio%20caprice%20ska.m3u                          ;radio caprice ska
http://www.radcap.ru/radcap4/radio%20caprice%20soulful%20house.m3u              ;radio caprice soulful house
http://www.radcap.ru/radcap4/radio%20caprice%20space%20music.m3u                ;radio caprice space music
http://www.radcap.ru/radcap4/radio%20caprice%20space%20rock.m3u                 ;radio caprice space rock
http://www.radcap.ru/radcap4/radio%20caprice%20speed%20metal.m3u                ;radio caprice speed metal
http://www.radcap.ru/radcap4/radio%20caprice%20stoner%20rock.m3u                ;radio caprice stoner rock
http://www.radcap.ru/radcap4/radio%20caprice%20surf%20rock.m3u                  ;radio caprice surf rock
http://www.radcap.ru/radcap4/radio%20caprice%20sympho%20black%20metal.m3u       ;radio caprice sympho black metal
http://www.radcap.ru/radcap4/radio%20caprice%20uplifting%20trance.m3u           ;radio caprice uplifting trance


http://listen.di.fm/public3/psybient.pls                  ;di.fm - Psybient
http://listen.di.fm/public3/electropop.pls                ;di.fm - Electropop
http://listen.di.fm/public3/undergroundtechno.pls         ;di.fm - Underground Techno
http://listen.di.fm/public3/trance.pls                    ;di.fm - Trance
http://listen.di.fm/public3/vocaltrance.pls               ;di.fm - Vocal Trance
http://listen.di.fm/public3/lounge.pls                    ;di.fm - Lounge
http://listen.di.fm/public3/chillout.pls                  ;di.fm - Chillout
http://listen.di.fm/public3/vocalchillout.pls             ;di.fm - Vocal Chillout
http://listen.di.fm/public3/chillhop.pls                  ;di.fm - ChillHop
http://listen.di.fm/public3/chillstep.pls                 ;di.fm - Chillstep
http://listen.di.fm/public3/progressive.pls               ;di.fm - Progressive
http://listen.di.fm/public3/house.pls                     ;di.fm - House
http://listen.di.fm/public3/mainstage.pls                 ;di.fm - Mainstage
http://listen.di.fm/public3/umfradio.pls                  ;di.fm - UMF Radio
http://listen.di.fm/public3/minimal.pls                   ;di.fm - Minimal
http://listen.di.fm/public3/harddance.pls                 ;di.fm - Hard Dance
http://listen.di.fm/public3/eurodance.pls                 ;di.fm - EuroDance
http://listen.di.fm/public3/vocallounge.pls               ;di.fm - Vocal Lounge
http://listen.di.fm/public3/techhouse.pls                 ;di.fm - Tech House
http://listen.di.fm/public3/electro.pls                   ;di.fm - Electro House
http://listen.di.fm/public3/bigroomhouse.pls              ;di.fm - Big Room House
http://listen.di.fm/public3/trap.pls                      ;di.fm - Trap
http://listen.di.fm/public3/psychill.pls                  ;di.fm - PsyChill
http://listen.di.fm/public3/goapsy.pls                    ;di.fm - Goa-Psy Trance
http://listen.di.fm/public3/progressivepsy.pls            ;di.fm - Progressive Psy
http://listen.di.fm/public3/hardcore.pls                  ;di.fm - Hardcore
http://listen.di.fm/public3/downtempolounge.pls           ;di.fm - Downtempo Lounge
http://listen.di.fm/public3/moombahton.pls                ;di.fm - Moombahton
http://listen.di.fm/public3/djmixes.pls                   ;di.fm - DJ Mixes
http://listen.di.fm/public3/russianclubhits.pls           ;di.fm - Russian Club Hits
http://listen.di.fm/public3/ambient.pls                   ;di.fm - Ambient
http://listen.di.fm/public3/drumandbass.pls               ;di.fm - Drum 'n Bass
http://listen.di.fm/public3/eclectronica.pls              ;di.fm - EcLectronica
http://listen.di.fm/public3/scousehouse.pls               ;di.fm - Scouse House
http://listen.di.fm/public3/classictechno.pls             ;di.fm - Oldschool Rave
http://listen.di.fm/public3/epictrance.pls                ;di.fm - Epic Trance
http://listen.di.fm/public3/ukgarage.pls                  ;di.fm - UK Garage
http://listen.di.fm/public3/breaks.pls                    ;di.fm - Breaks
http://listen.di.fm/public3/gabber.pls                    ;di.fm - Gabber
http://listen.di.fm/public3/cosmicdowntempo.pls           ;di.fm - Cosmic Downtempo
http://listen.di.fm/public3/hardtechno.pls                ;di.fm - Hard Techno
http://listen.di.fm/public3/techno.pls                    ;di.fm - Techno
http://listen.di.fm/public3/electronicpioneers.pls        ;di.fm - Electronic Pioneers
http://listen.di.fm/public3/soulfulhouse.pls              ;di.fm - Soulful House
http://listen.di.fm/public3/deephouse.pls                 ;di.fm - Deep House
http://listen.di.fm/public3/deeptech.pls                  ;di.fm - Deep Tech
http://listen.di.fm/public3/tribalhouse.pls               ;di.fm - Tribal House
http://listen.di.fm/public3/funkyhouse.pls                ;di.fm - Funky House
http://listen.di.fm/public3/deepnudisco.pls               ;di.fm - Deep Nu-Disco
http://listen.di.fm/public3/spacemusic.pls                ;di.fm - Space Dreams
http://listen.di.fm/public3/hardstyle.pls                 ;di.fm - Hardstyle
http://listen.di.fm/public3/chilloutdreams.pls            ;di.fm - Chillout Dreams
http://listen.di.fm/public3/liquiddnb.pls                 ;di.fm - Liquid DnB
http://listen.di.fm/public3/darkdnb.pls                   ;di.fm - Dark DnB
http://listen.di.fm/public3/classiceurodance.pls          ;di.fm - Classic EuroDance
http://listen.di.fm/public3/handsup.pls                   ;di.fm - Hands Up
http://listen.di.fm/public3/club.pls                      ;di.fm - Club Sounds
http://listen.di.fm/public3/classictrance.pls             ;di.fm - Classic Trance
http://listen.di.fm/public3/classicvocaltrance.pls        ;di.fm - Classic Vocal Trance
http://listen.di.fm/public3/clubdubstep.pls               ;di.fm - Club Dubstep
http://listen.di.fm/public3/dubstep.pls                   ;di.fm - Dubstep
http://listen.di.fm/public3/liquiddubstep.pls             ;di.fm - Liquid Dubstep
http://listen.di.fm/public3/glitchhop.pls                 ;di.fm - Glitch Hop
http://listen.di.fm/public3/discohouse.pls                ;di.fm - Disco House
http://listen.di.fm/public3/classiceurodisco.pls          ;di.fm - Classic EuroDisco
http://listen.di.fm/public3/futuresynthpop.pls            ;di.fm - Future Synthpop
http://listen.di.fm/public3/latinhouse.pls                ;di.fm - Latin House
http://listen.di.fm/public3/oldschoolacid.pls             ;di.fm - Oldschool Acid
http://listen.di.fm/public3/chiptunes.pls                 ;di.fm - Chiptunes
http://listen.di.fm/public3/sankeys.pls                   ;di.fm - Sankeys Radio
