http://198.211.101.123:9001/                              ;re:noize
http://www.revivalkult.de/radio/winamp.pls                ;Revival kult
http://www.happyhardcore.com/livestreams/hardcore.pls     ;HappyHardcore.com

http://www.post-rock.ro/pls/postrockmusic.pls             ;Post Rock
http://www.farpastpost-industries.com/radiopls            ;Post Rock
http://tosfm.serveblog.net:8000/listen.pls                ;Post Rock
http://voxsc1.somafm.com:8900/listen.pls                  ;Rock?

http://www.radcap.ru/radcap4/radio%20caprice%20electronic.m3u               ;Electronic
http://www.radcap.ru/radcap4/radio%20caprice%20uplifting%20trance.m3u       ;Uplifting Trance
http://www.radcap.ru/radcap4/radio%20caprice%20euro%20house.m3u             ;Euro House
http://www.radcap.ru/radcap4/radio%20caprice%20minimal%20tech%20house.m3u   ;Minimal Tech House
http://www.radcap.ru/radcap4/radio%20caprice%20space%20music.m3u            ;Space Music
http://www.radcap.ru/radcap3/radio%20caprice%20electro%20house.m3u          ;Electro House
http://www.radcap.ru/radcap3/radio%20caprice%20trad%20electronic.m3u        ;Traditional Electronic
http://www.radcap.ru/radcap2/radio%20caprice%20dark%20electro.m3u           ;Dark Electro
http://www.radcap.ru/radcap2/radio%20caprice%20minimal%20techno.m3u         ;Minimal techno
http://www.radcap.ru/radcap3/radio%20caprice%20hardstyle.m3u                ;Hardstyle
http://www.radcap.ru/radcap2/radio%20caprice%20dub%20techno.m3u             ;Dub Techno
http://www.radcap.ru/radcap2/radio%20caprice%20hardcore%20tech.m3u          ;Hardcore Techno
http://www.radcap.ru/radcap2/radio%20caprice%20dubstep.m3u                  ;Dubstep
http://www.radcap.ru/radcap2/radio%20caprice%20progressive%20trance.m3u     ;Progressive Trance
http://www.radcap.ru/radcap2/radio%20caprice%20dream%20trance.m3u           ;Dream Trance
http://www.radcap.ru/radcap2/radio%20caprice%20vocal%20trance.m3u           ;Vocal Trance
http://www.radcap.ru/radcap3/radio%20caprice%20drumnbass.m3u                ;Drum'n'nbass
http://www.radcap.ru/radcap1/radio%20caprice%20club%20ru.m3u                ;Russian Club Dance
http://www.radcap.ru/radcap2/radio%20caprice%20deep%20house.m3u             ;Deep House
http://www.radcap.ru/radcap2/radio%20caprice%20breakbeat.m3u                ;Breakbeat
http://www.radcap.ru/radcap2/radio%20caprice%20dark%20ambient.m3u           ;Dark Ambient
http://www.radcap.ru/radcap2/radio%20caprice%20goa%20trance.m3u             ;Goa Trance
http://www.radcap.ru/radcap3/radio%20caprice%20idm.m3u                      ;IDM
http://www.radcap.ru/radcap3/radio%20caprice%20ebm.m3u                      ;EBM
http://www.radcap.ru/radcap3/radio%20caprice%20trip%20hop.m3u               ;Trip Hop
http://www.radcap.ru/radcap3/radio%20caprice%20lo-fi.m3u                    ;Lo-fi
http://www.radcap.ru/radcap3/radio%20caprice%20full%20on.m3u                ;Full On
http://www.radcap.ru/radcap3/radio%20caprice%20psybient.m3u                 ;Psybient
http://www.radcap.ru/radcap1/radio%20caprice%20synthpop.m3u                 ;Synthpop
http://www.radcap.ru/radcap3/radio%20caprice%20ambient%20dub.m3u            ;Ambient dub
http://www.radcap.ru/radcap1/radio%20caprice%20trance.m3u                   ;Trance
http://www.radcap.ru/radcap1/radio%20caprice%20new%20age.m3u                ;New Age
http://www.radcap.ru/radcap1/radio%20caprice%20house.m3u                    ;House
http://www.radcap.ru/radcap1/radio%20caprice%20techno.m3u                   ;Techno
http://www.radcap.ru/radcap3/radio%20caprice%20chillout.m3u                 ;Chillout
http://www.radcap.ru/radcap3/radio%20caprice%20lounge.m3u                   ;Lounge
http://www.radcap.ru/radcap4/radio%20caprice%20progressive%20house.m3u      ;Progressive House
http://www.radcap.ru/radcap4/radio%20caprice%20ambient.m3u                  ;Ambient
http://www.radcap.ru/radcap4/radio%20caprice%20chiptune.m3u                 ;Chiptune
http://www.radcap.ru/radcap4/radio%20caprice%20dark%20folk.m3u              ;Dark/neo folk
http://www.radcap.ru/radcap4/radio%20caprice%20dark%20psytrance.m3u         ;Dark psytrance
http://www.radcap.ru/radcap4/radio%20caprice%20electro.m3u                  ;Electro
http://www.radcap.ru/radcap4/radio%20caprice%20soulful%20house.m3u          ;Soulful House
http://www.radcap.ru/radcap4/radio%20caprice%20psytrance.m3u                ;Psy trance
http://www.radcap.ru/radcap4/radio%20caprice%20club%20dance.m3u             ;Club Dance
http://www.radcap.ru/radcap2/radio%20caprice%20spacesynth.m3u               ;Space Synth
http://www.radcap.ru/radcap3/radio%20caprice%20industrial.m3u               ;Industrial

http://www.radcap.ru/radcap4/radio%20caprice%20stoner%20rock.m3u            ;Stoner Rock
http://www.radcap.ru/radcap3/radio%20caprice%20post%20rock.m3u              ;Post Rock
http://www.radcap.ru/radcap4/radio%20caprice%20shoegazing.m3u               ;Shoegazing
http://www.radcap.ru/radcap4/radio%20caprice%20j-rock.m3u                   ;J-Rock
http://www.radcap.ru/radcap4/radio%20caprice%20j-pop.m3u                    ;J-Pop
http://www.radcap.ru/radcap4/radio%20caprice%20k-pop.m3u                    ;K-Pop
http://www.radcap.ru/radcap2/radio%20caprice%20eurodance.m3u                ;Euro Dance

http://listen.di.fm/public3/psybient.pls                  ;Psybient
http://listen.di.fm/public3/electropop.pls                ;Electropop
http://listen.di.fm/public3/undergroundtechno.pls         ;Underground Techno
http://listen.di.fm/public3/trance.pls                    ;Trance
http://listen.di.fm/public3/vocaltrance.pls               ;Vocal Trance
http://listen.di.fm/public3/lounge.pls                    ;Lounge
http://listen.di.fm/public3/chillout.pls                  ;Chillout
http://listen.di.fm/public3/vocalchillout.pls             ;Vocal Chillout
http://listen.di.fm/public3/chillhop.pls                  ;ChillHop
http://listen.di.fm/public3/chillstep.pls                 ;Chillstep
http://listen.di.fm/public3/progressive.pls               ;Progressive
http://listen.di.fm/public3/house.pls                     ;House
http://listen.di.fm/public3/mainstage.pls                 ;Mainstage
http://listen.di.fm/public3/umfradio.pls                  ;UMF Radio
http://listen.di.fm/public3/minimal.pls                   ;Minimal
http://listen.di.fm/public3/harddance.pls                 ;Hard Dance
http://listen.di.fm/public3/eurodance.pls                 ;EuroDance
http://listen.di.fm/public3/vocallounge.pls               ;Vocal Lounge
http://listen.di.fm/public3/techhouse.pls                 ;Tech House
http://listen.di.fm/public3/electro.pls                   ;Electro House
http://listen.di.fm/public3/bigroomhouse.pls              ;Big Room House
http://listen.di.fm/public3/trap.pls                      ;Trap
http://listen.di.fm/public3/psychill.pls                  ;PsyChill
http://listen.di.fm/public3/goapsy.pls                    ;Goa-Psy Trance
http://listen.di.fm/public3/progressivepsy.pls            ;Progressive Psy
http://listen.di.fm/public3/hardcore.pls                  ;Hardcore
http://listen.di.fm/public3/downtempolounge.pls           ;Downtempo Lounge
http://listen.di.fm/public3/moombahton.pls                ;Moombahton
http://listen.di.fm/public3/djmixes.pls                   ;DJ Mixes
http://listen.di.fm/public3/russianclubhits.pls           ;Russian Club Hits
http://listen.di.fm/public3/ambient.pls                   ;Ambient
http://listen.di.fm/public3/drumandbass.pls               ;Drum 'n Bass
http://listen.di.fm/public3/eclectronica.pls              ;EcLectronica
http://listen.di.fm/public3/scousehouse.pls               ;Scouse House
http://listen.di.fm/public3/classictechno.pls             ;Oldschool Rave
http://listen.di.fm/public3/epictrance.pls                ;Epic Trance
http://listen.di.fm/public3/ukgarage.pls                  ;UK Garage
http://listen.di.fm/public3/breaks.pls                    ;Breaks
http://listen.di.fm/public3/gabber.pls                    ;Gabber
http://listen.di.fm/public3/cosmicdowntempo.pls           ;Cosmic Downtempo
http://listen.di.fm/public3/hardtechno.pls                ;Hard Techno
http://listen.di.fm/public3/techno.pls                    ;Techno
http://listen.di.fm/public3/electronicpioneers.pls        ;Electronic Pioneers
http://listen.di.fm/public3/soulfulhouse.pls              ;Soulful House
http://listen.di.fm/public3/deephouse.pls                 ;Deep House
http://listen.di.fm/public3/deeptech.pls                  ;Deep Tech
http://listen.di.fm/public3/tribalhouse.pls               ;Tribal House
http://listen.di.fm/public3/funkyhouse.pls                ;Funky House
http://listen.di.fm/public3/deepnudisco.pls               ;Deep Nu-Disco
http://listen.di.fm/public3/spacemusic.pls                ;Space Dreams
http://listen.di.fm/public3/hardstyle.pls                 ;Hardstyle
http://listen.di.fm/public3/chilloutdreams.pls            ;Chillout Dreams
http://listen.di.fm/public3/liquiddnb.pls                 ;Liquid DnB
http://listen.di.fm/public3/darkdnb.pls                   ;Dark DnB
http://listen.di.fm/public3/classiceurodance.pls          ;Classic EuroDance
http://listen.di.fm/public3/handsup.pls                   ;Hands Up
http://listen.di.fm/public3/club.pls                      ;Club Sounds
http://listen.di.fm/public3/classictrance.pls             ;Classic Trance
http://listen.di.fm/public3/classicvocaltrance.pls        ;Classic Vocal Trance
http://listen.di.fm/public3/clubdubstep.pls               ;Club Dubstep
http://listen.di.fm/public3/dubstep.pls                   ;Dubstep
http://listen.di.fm/public3/liquiddubstep.pls             ;Liquid Dubstep
http://listen.di.fm/public3/glitchhop.pls                 ;Glitch Hop
http://listen.di.fm/public3/discohouse.pls                ;Disco House
http://listen.di.fm/public3/classiceurodisco.pls          ;Classic EuroDisco
http://listen.di.fm/public3/futuresynthpop.pls            ;Future Synthpop
http://listen.di.fm/public3/latinhouse.pls                ;Latin House
http://listen.di.fm/public3/oldschoolacid.pls             ;Oldschool Acid
http://listen.di.fm/public3/chiptunes.pls                 ;Chiptunes
http://listen.di.fm/public3/sankeys.pls                   ;Sankeys Radio
