http://stream.clubrenoize.com:9001/                       ;re:noize
http://www.revivalkult.de/radio/winamp.pls                ;Revival kult
http://www.happyhardcore.com/livestreams/hardcore.pls     ;HappyHardcore.com

http://www.post-rock.ro/pls/postrockmusic.pls             ;post-rock.ro
http://farpastpost.com/radiowinamp                        ;farpastpost - Post Rock
http://tosfm.serveblog.net:8000/listen.pls                ;tosfm.serveblog.net - Post Rock
http://voxsc1.somafm.com:8900/listen.pls                  ;somafm - Rock?

http://www.radcap.ru/radcap4/radio%20caprice%20uplifting%20trance.m3u       ;radcap.ru - Uplifting Trance
http://www.radcap.ru/radcap4/radio%20caprice%20euro%20house.m3u             ;radcap.ru - Euro House
http://www.radcap.ru/radcap4/radio%20caprice%20minimal%20tech%20house.m3u   ;radcap.ru - Minimal Tech House
http://www.radcap.ru/radcap4/radio%20caprice%20space%20music.m3u            ;radcap.ru - Space Music
http://www.radcap.ru/radcap3/radio%20caprice%20electro%20house.m3u          ;radcap.ru - Electro House
http://www.radcap.ru/radcap3/radio%20caprice%20trad%20electronic.m3u        ;radcap.ru - Traditional Electronic
http://www.radcap.ru/radcap2/radio%20caprice%20dark%20electro.m3u           ;radcap.ru - Dark Electro
http://www.radcap.ru/radcap2/radio%20caprice%20minimal%20techno.m3u         ;radcap.ru - Minimal techno
http://www.radcap.ru/radcap3/radio%20caprice%20hardstyle.m3u                ;radcap.ru - Hardstyle
http://www.radcap.ru/radcap2/radio%20caprice%20dub%20techno.m3u             ;radcap.ru - Dub Techno
http://www.radcap.ru/radcap2/radio%20caprice%20hardcore%20tech.m3u          ;radcap.ru - Hardcore Techno
http://www.radcap.ru/radcap2/radio%20caprice%20dubstep.m3u                  ;radcap.ru - Dubstep
http://www.radcap.ru/radcap2/radio%20caprice%20progressive%20trance.m3u     ;radcap.ru - Progressive Trance
http://www.radcap.ru/radcap2/radio%20caprice%20dream%20trance.m3u           ;radcap.ru - Dream Trance
http://www.radcap.ru/radcap2/radio%20caprice%20vocal%20trance.m3u           ;radcap.ru - Vocal Trance
http://www.radcap.ru/radcap3/radio%20caprice%20drumnbass.m3u                ;radcap.ru - Drum'n'nbass
http://www.radcap.ru/radcap1/radio%20caprice%20club%20ru.m3u                ;radcap.ru - Russian Club Dance
http://www.radcap.ru/radcap2/radio%20caprice%20deep%20house.m3u             ;radcap.ru - Deep House
http://www.radcap.ru/radcap2/radio%20caprice%20breakbeat.m3u                ;radcap.ru - Breakbeat
http://www.radcap.ru/radcap2/radio%20caprice%20dark%20ambient.m3u           ;radcap.ru - Dark Ambient
http://www.radcap.ru/radcap2/radio%20caprice%20goa%20trance.m3u             ;radcap.ru - Goa Trance
http://www.radcap.ru/radcap3/radio%20caprice%20idm.m3u                      ;radcap.ru - IDM
http://www.radcap.ru/radcap3/radio%20caprice%20ebm.m3u                      ;radcap.ru - EBM
http://www.radcap.ru/radcap3/radio%20caprice%20trip%20hop.m3u               ;radcap.ru - Trip Hop
http://www.radcap.ru/radcap3/radio%20caprice%20lo-fi.m3u                    ;radcap.ru - Lo-fi
http://www.radcap.ru/radcap3/radio%20caprice%20full%20on.m3u                ;radcap.ru - Full On
http://www.radcap.ru/radcap3/radio%20caprice%20psybient.m3u                 ;radcap.ru - Psybient
http://www.radcap.ru/radcap1/radio%20caprice%20synthpop.m3u                 ;radcap.ru - Synthpop
http://www.radcap.ru/radcap3/radio%20caprice%20ambient%20dub.m3u            ;radcap.ru - Ambient dub
http://www.radcap.ru/radcap1/radio%20caprice%20trance.m3u                   ;radcap.ru - Trance
http://www.radcap.ru/radcap1/radio%20caprice%20new%20age.m3u                ;radcap.ru - New Age
http://www.radcap.ru/radcap1/radio%20caprice%20house.m3u                    ;radcap.ru - House
http://www.radcap.ru/radcap1/radio%20caprice%20techno.m3u                   ;radcap.ru - Techno
http://www.radcap.ru/radcap3/radio%20caprice%20chillout.m3u                 ;radcap.ru - Chillout
http://www.radcap.ru/radcap3/radio%20caprice%20lounge.m3u                   ;radcap.ru - Lounge
http://www.radcap.ru/radcap4/radio%20caprice%20progressive%20house.m3u      ;radcap.ru - Progressive House
http://www.radcap.ru/radcap4/radio%20caprice%20ambient.m3u                  ;radcap.ru - Ambient
http://www.radcap.ru/radcap4/radio%20caprice%20chiptune.m3u                 ;radcap.ru - Chiptune
http://www.radcap.ru/radcap4/radio%20caprice%20dark%20folk.m3u              ;radcap.ru - Dark/neo folk
http://www.radcap.ru/radcap4/radio%20caprice%20dark%20psytrance.m3u         ;radcap.ru - Dark psytrance
http://www.radcap.ru/radcap4/radio%20caprice%20electro.m3u                  ;radcap.ru - Electro
http://www.radcap.ru/radcap4/radio%20caprice%20soulful%20house.m3u          ;radcap.ru - Soulful House
http://www.radcap.ru/radcap4/radio%20caprice%20psytrance.m3u                ;radcap.ru - Psy trance
http://www.radcap.ru/radcap4/radio%20caprice%20club%20dance.m3u             ;radcap.ru - Club Dance
http://www.radcap.ru/radcap2/radio%20caprice%20spacesynth.m3u               ;radcap.ru - Space Synth
http://www.radcap.ru/radcap3/radio%20caprice%20industrial.m3u               ;radcap.ru - Industrial

http://www.radcap.ru/radcap4/radio%20caprice%20stoner%20rock.m3u            ;radcap.ru - Stoner Rock
http://www.radcap.ru/radcap3/radio%20caprice%20post%20rock.m3u              ;radcap.ru - Post Rock
http://www.radcap.ru/radcap4/radio%20caprice%20shoegazing.m3u               ;radcap.ru - Shoegazing
http://www.radcap.ru/radcap4/radio%20caprice%20j-rock.m3u                   ;radcap.ru - J-Rock
http://www.radcap.ru/radcap4/radio%20caprice%20j-pop.m3u                    ;radcap.ru - J-Pop
http://www.radcap.ru/radcap4/radio%20caprice%20k-pop.m3u                    ;radcap.ru - K-Pop
http://www.radcap.ru/radcap2/radio%20caprice%20eurodance.m3u                ;radcap.ru - Euro Dance

http://listen.di.fm/public3/psybient.pls                  ;di.fm - Psybient
http://listen.di.fm/public3/electropop.pls                ;di.fm - Electropop
http://listen.di.fm/public3/undergroundtechno.pls         ;di.fm - Underground Techno
http://listen.di.fm/public3/trance.pls                    ;di.fm - Trance
http://listen.di.fm/public3/vocaltrance.pls               ;di.fm - Vocal Trance
http://listen.di.fm/public3/lounge.pls                    ;di.fm - Lounge
http://listen.di.fm/public3/chillout.pls                  ;di.fm - Chillout
http://listen.di.fm/public3/vocalchillout.pls             ;di.fm - Vocal Chillout
http://listen.di.fm/public3/chillhop.pls                  ;di.fm - ChillHop
http://listen.di.fm/public3/chillstep.pls                 ;di.fm - Chillstep
http://listen.di.fm/public3/progressive.pls               ;di.fm - Progressive
http://listen.di.fm/public3/house.pls                     ;di.fm - House
http://listen.di.fm/public3/mainstage.pls                 ;di.fm - Mainstage
http://listen.di.fm/public3/umfradio.pls                  ;di.fm - UMF Radio
http://listen.di.fm/public3/minimal.pls                   ;di.fm - Minimal
http://listen.di.fm/public3/harddance.pls                 ;di.fm - Hard Dance
http://listen.di.fm/public3/eurodance.pls                 ;di.fm - EuroDance
http://listen.di.fm/public3/vocallounge.pls               ;di.fm - Vocal Lounge
http://listen.di.fm/public3/techhouse.pls                 ;di.fm - Tech House
http://listen.di.fm/public3/electro.pls                   ;di.fm - Electro House
http://listen.di.fm/public3/bigroomhouse.pls              ;di.fm - Big Room House
http://listen.di.fm/public3/trap.pls                      ;di.fm - Trap
http://listen.di.fm/public3/psychill.pls                  ;di.fm - PsyChill
http://listen.di.fm/public3/goapsy.pls                    ;di.fm - Goa-Psy Trance
http://listen.di.fm/public3/progressivepsy.pls            ;di.fm - Progressive Psy
http://listen.di.fm/public3/hardcore.pls                  ;di.fm - Hardcore
http://listen.di.fm/public3/downtempolounge.pls           ;di.fm - Downtempo Lounge
http://listen.di.fm/public3/moombahton.pls                ;di.fm - Moombahton
http://listen.di.fm/public3/djmixes.pls                   ;di.fm - DJ Mixes
http://listen.di.fm/public3/russianclubhits.pls           ;di.fm - Russian Club Hits
http://listen.di.fm/public3/ambient.pls                   ;di.fm - Ambient
http://listen.di.fm/public3/drumandbass.pls               ;di.fm - Drum 'n Bass
http://listen.di.fm/public3/eclectronica.pls              ;di.fm - EcLectronica
http://listen.di.fm/public3/scousehouse.pls               ;di.fm - Scouse House
http://listen.di.fm/public3/classictechno.pls             ;di.fm - Oldschool Rave
http://listen.di.fm/public3/epictrance.pls                ;di.fm - Epic Trance
http://listen.di.fm/public3/ukgarage.pls                  ;di.fm - UK Garage
http://listen.di.fm/public3/breaks.pls                    ;di.fm - Breaks
http://listen.di.fm/public3/gabber.pls                    ;di.fm - Gabber
http://listen.di.fm/public3/cosmicdowntempo.pls           ;di.fm - Cosmic Downtempo
http://listen.di.fm/public3/hardtechno.pls                ;di.fm - Hard Techno
http://listen.di.fm/public3/techno.pls                    ;di.fm - Techno
http://listen.di.fm/public3/electronicpioneers.pls        ;di.fm - Electronic Pioneers
http://listen.di.fm/public3/soulfulhouse.pls              ;di.fm - Soulful House
http://listen.di.fm/public3/deephouse.pls                 ;di.fm - Deep House
http://listen.di.fm/public3/deeptech.pls                  ;di.fm - Deep Tech
http://listen.di.fm/public3/tribalhouse.pls               ;di.fm - Tribal House
http://listen.di.fm/public3/funkyhouse.pls                ;di.fm - Funky House
http://listen.di.fm/public3/deepnudisco.pls               ;di.fm - Deep Nu-Disco
http://listen.di.fm/public3/spacemusic.pls                ;di.fm - Space Dreams
http://listen.di.fm/public3/hardstyle.pls                 ;di.fm - Hardstyle
http://listen.di.fm/public3/chilloutdreams.pls            ;di.fm - Chillout Dreams
http://listen.di.fm/public3/liquiddnb.pls                 ;di.fm - Liquid DnB
http://listen.di.fm/public3/darkdnb.pls                   ;di.fm - Dark DnB
http://listen.di.fm/public3/classiceurodance.pls          ;di.fm - Classic EuroDance
http://listen.di.fm/public3/handsup.pls                   ;di.fm - Hands Up
http://listen.di.fm/public3/club.pls                      ;di.fm - Club Sounds
http://listen.di.fm/public3/classictrance.pls             ;di.fm - Classic Trance
http://listen.di.fm/public3/classicvocaltrance.pls        ;di.fm - Classic Vocal Trance
http://listen.di.fm/public3/clubdubstep.pls               ;di.fm - Club Dubstep
http://listen.di.fm/public3/dubstep.pls                   ;di.fm - Dubstep
http://listen.di.fm/public3/liquiddubstep.pls             ;di.fm - Liquid Dubstep
http://listen.di.fm/public3/glitchhop.pls                 ;di.fm - Glitch Hop
http://listen.di.fm/public3/discohouse.pls                ;di.fm - Disco House
http://listen.di.fm/public3/classiceurodisco.pls          ;di.fm - Classic EuroDisco
http://listen.di.fm/public3/futuresynthpop.pls            ;di.fm - Future Synthpop
http://listen.di.fm/public3/latinhouse.pls                ;di.fm - Latin House
http://listen.di.fm/public3/oldschoolacid.pls             ;di.fm - Oldschool Acid
http://listen.di.fm/public3/chiptunes.pls                 ;di.fm - Chiptunes
http://listen.di.fm/public3/sankeys.pls                   ;di.fm - Sankeys Radio
